2022-02-18T21:09:35.228932 [Thread: main] [Level: 1] log message with level 1
2022-02-18T21:09:35.261862 [Thread: main] [Level: 2] log message with level 2
2022-02-18T21:09:35.262619 [Thread: main] [Level: 3] log message with level 3
2022-02-18T21:24:44.597455 [Thread: main] [Level: 1] log message with level 1
2022-02-18T21:24:44.618203 [Thread: main] [Level: 2] log message with level 2
2022-02-18T21:24:44.618722 [Thread: main] [Level: 3] log message with level 3
